main.c:69:5:main	8	static
main.c:125:6:SystemClock_Config	72	static
main.c:161:13:MX_GPIO_Init	32	static
main.c:213:6:initExercise1	4	static
main.c:216:6:runExercise1	8	static
main.c:235:6:initExercise2	4	static
main.c:239:6:runExercise2	8	static
main.c:276:6:initExercise3	4	static
main.c:280:6:runExercise3	8	static
main.c:333:6:display7SEG	16	static
main.c:426:6:display7SEG1	16	static
main.c:519:6:initExercise4	4	static
main.c:522:6:runExercise4	8	static
main.c:526:6:initExercise5	4	static
main.c:530:6:runExercise5	8	static
main.c:590:6:initExercise6	4	static
main.c:593:6:runExercise6	8	static
main.c:607:6:clearAllClock	8	static
main.c:621:6:initExercise7	4	static
main.c:624:6:runExercise7	4	static
main.c:627:6:setNumberOnClock	16	static
main.c:666:6:initExercise8	4	static
main.c:669:6:runExercise8	4	static
main.c:672:6:clearNumberOnClock	16	static
main.c:711:6:initExercise9	4	static
main.c:714:6:runExercise9	4	static
main.c:717:6:initExercise10	4	static
main.c:722:6:runExercise10	8	static
main.c:747:6:Error_Handler	4	static,ignoring_inline_asm
